ORG=#0;


ORG=#000;


ORG=#1;


DECODE:  NAD(DECODE),
         BEN 9 MEM OP,
         ALLOW FIRST DECODE,
         RF RD SEL HW,
         FLOW SEL XY,
         LAT X,
 LAT Y,
         EXL,
         EYL,
         FLOW X TO S,
         SHIFT R EXP DIFF,
         LD AND INCR RF CNTRS;

@0 60E000CC7BF00000180000000

ORG=#2;


ORG=#001;


ORG=#3;


         NAD(DECODE),
         BEN 9 MEM OP,
         ALLOW FIRST DECODE,
         RF RD SEL HW,
         FLOW SEL XY,
         LAT X,
 LAT Y,
         EXL,
EYL,
         FLOW X TO S,
         SHIFT R EXP DIFF,
         LD AND INCR RF CNTRS;

@2 60E000CC7BF00000180000000

ORG=#4;


FADD.32.50:FADD.64.50:         NAD(FADD.32.100A),
         BEN 8 EX1 OR EY1 2A,
         BEN 9 NOT EX0 AND EY0,
         SHIFT R EXP DIFF,
         MALU Y+X,
         EXMX ADD,
         EYMX ZERO,
         EALU HW,
         SIGN ADD;

@4 B04617CC78800003300000000

ORG=#5;


         NAD(MEMOP.A),
         BEN 9 ALU DATA NOT VALID;

@5 B06000CD7880000F080000000

ORG=#6;


ORG=#004;


ORG=#7;


FADD.80.50:         NAD(ca+1),
         RF RD SEL HW,
         LAT X,
         LAT Y,
         SHIFT R EXP DIFF;

@6 10C038CC7B800003180000000

ORG=#8;


FADD.80.50E:         NAD(FADD.80.150A),
         BEN 8 EX1 OR EY1 2A,
         BEN 9 NOT EX0 AND EY0,
         SHIFT R EXP DIFF,
         MALU Y+X,
         EXMX ADD,
         EALU PASS X,
         EXR,
         SIGN ADD;

@8 B04007C878800003100000000

ORG=#9;


ORG=#006;


ORG=#A;


FSUB.32.50:FSUB.64.50:         NAD(FADD.32.100A),
         BEN 8 EX1 OR EY1 2A,
         BEN 9 NOT EX0 AND EY0,
         SHIFT R EXP DIFF,
         MALU Y+X,
         EXMX ADD,
         EYMX ZERO,
         EALU HW,
         SET FSUB LAT,
         SIGN ADD;

@9 B04617C478800003300000000

ORG=#B;


         NAD(MEMOP.A),
         BEN 9 ALU DATA NOT VALID;

@b B06000CD7880000F080000000

ORG=#C;


ORG=#008;


ORG=#D;


FSUB.80.50:         NAD(ca+1),
         RF RD SEL CNTR,
         FLOW SEL XY,
         LAT X,
 LAT Y,
         SHIFT R EXP DIFF,
         SET FSUB LAT;

@c 10C068C47B800003380000000

ORG=#E;


         NAD(FADD.80.150A),
         BEN 8 EX1 OR EY1 2A,
         BEN 9 NOT EX0 AND EY0,
         SHIFT R EXP DIFF,
         MALU Y+X,
         EXMX ADD,
         EALU PASS X,
         EXR,
         SIGN ADD;

@e B04007C878800003100000000

ORG=#F;


ORG=#00A;


ORG=#10;


FSUBR.32.50:FSUBR.64.50:         NAD(FADD.32.100A),
         BEN 8 EX1 OR EY1 2A,
         BEN 9 NOT EX0 AND EY0,
         SHIFT R EXP DIFF,
         MALU Y+X,
         EXMX ADD,
         EYMX ZERO,
         EALU HW,
         SET FSUBR LAT,
         SIGN ADD;

@f B046174C78800003300000000

ORG=#11;


         NAD(MEMOP.A),
         BEN 9 ALU DATA NOT VALID;

@11 B06000CD7880000F080000000

ORG=#12;


ORG=#00C;


ORG=#13;


FREM.64.50:         NAD(FREM.64.50.1),
         FLOW X TO T,
         SHIFT L EMIT(11),
         EXMX EXL,
         EYMX EYL,
         EALU X-Y,
         LD RMODE REG(0);

@12 10C000C5789090B7280000000

ORG=#14;


FREM.64.50.2:         NAD(FREM.64.150A),
         BEN 8 EX1 OR EY1 26,
         BEN 9 NOT EX0 OR EY0,
         FLOW X TO T,
         SHIFT L EMIT(#0B),
         EXMX EXL,
         EYMX EYL,
         EALU X-Y,
         EXR,
         EYR,
         SIGN MUL OR DIV,
         DIV CLK D,
         DIV LD D CLR Q,
         DIV OE;

@14 90C0047179A780B7282000000

ORG=#15;


ORG=#00E;


ORG=#16;


FMUL.32.50:         NAD(FMUL.32.100A),
         BEN 8 EX1 OR EY1 26,
         BEN 9 NOT EX0 OR EY0,
         SHIFT L EALU,
         FLOW X TO S,
         EXMX EXL,
         EYMX EMIT(127),
         EALU X-Y,
         SIGN MUL OR DIV,
         EXR;

@15 90C73888F88007F6282000000

ORG=#17;


         NAD(MEMOP.A),
         BEN 9 ALU DATA NOT VALID;

@17 B06000CD7880000F080000000

ORG=#18;


ORG=#010;


ORG=#19;


FMUL.64.50:         NAD(FMUL.64.100A),
         SHIFT L EALU,
         FLOW X TO S,
         EXMX EXL,
         EYMX EMIT(1023),
         EALU X-Y,
         SIGN MUL OR DIV,
         EXR;

@18 10C7A088F8803FF6282000000

ORG=#1A;


         NAD(MEMOP.A),
         BEN 9 ALU DATA NOT VALID;

@1a B06000CD7880000F080000000

ORG=#1B;


ORG=#012;


ORG=#1C;


FMUL.80.50:          NAD(ca+1),
         RF RD SEL CNTR,
         FLOW SEL XY,
         LAT X,
 LAT Y,
         SHIFT R EXP DIFF;

@1b 10C0E0CC7B800003380000000

ORG=#1D;


         NAD(FMUL.80.150A),
         BEN 8 EX1 OR EY1 26,
         BEN 9 NOT EX0 OR EY0,
         SHIFT L EALU,
         FLOW X TO S,
         LD MUL CNTR 3,
         EXMX EXL,
         EYMX EMIT (16383),
         EALU X-Y,
         SIGN MUL OR DIV,
         EXR;

@1d 90C000B8D183FFF6282000000

ORG=#1E;


ORG=#014;


ORG=#1F;


FDIV.32.50:          NAD  (FDIV.32.100A),
         BEN 8 EX1 OR EY1 26,
         BEN 9 NOT EX0 OR EY0,
         FLOW Y TO T,
         SHIFT L EMIT( 40),
         EXMX EXL,
         EYMX EYL,
         EALU X-Y,
         EXR,
         SIGN MUL OR DIV,
         DIV CLK D,
         DIV LD D CLR Q,
         DIV OE;

@1e 90C0047979A78007282000000

ORG=#20;


         NAD(MEMOP.A),
         BEN 9 ALU DATA NOT VALID;

@20 B06000CD7880000F080000000

ORG=#21;


ORG=#016;


ORG=#22;


FDIV.64.50:          NAD(FDIV.64.100A),
         BEN 8 EX1 OR EY1 26,
         BEN 9 NOT EX0 OR EY0,
         FLOW Y TO T,
         EXMX EXL,
         EYMX EYL,
         EALU X-Y,
         EXR,
         SIGN MUL OR DIV,
         DIV CLK D,
         DIV LD D CLR Q,
         DIV OE;

@21 90C8C47979A78007282000000

ORG=#23;


         NAD(MEMOP.A),
         BEN 9 ALU DATA NOT VALID;

@23 B06000CD7880000F080000000

ORG=#24;


ORG=#018;


ORG=#25;


FDIV.80.100:          NAD(ca+1),
         RF RD SEL CNTR,
         FLOW SEL XY,
         LAT X,
 LAT Y,
         SHIFT R EXP DIFF;

@24 10C128CC7B800003380000000

ORG=#26;


         NAD(#380),
         BEN 8 EX1 OR EY1 26,
         BEN 9 NOT EX0 OR EY0,
         FLOW Y TO T,
         SHIFT PASS,
         EXMX EXL,
         EYMX EYL,
         EALU X-Y,
         EXR,
         SIGN MUL OR DIV,
         DIV CLK D,
         DIV LD D CLR Q,
         DIV OE;

@26 90DC047979A78007282000000

ORG=#27;


ORG=#01A;


ORG=#28;


FDIVR.32.50:          NAD(FDIV.32.100A),
         BEN 8 EX1 OR EY1 26,
         BEN 9 NOT EX0 OR EY0,
         FLOW X TO T,
         SHIFT L EMIT(40),
         EXMX ZERO,
         EALU HALF X,
         EYR,
         SIGN MUL OR DIV,
         DIV CLK D,
         DIV LD D CLR Q,
         DIV OE;

@27 90C0047579A7828B082000000

ORG=#29;


         NAD((MEMOP.A),
         BEN 9 ALU DATA NOT VALID;

@29 B06000CD7880000F080000000

ORG=#2A;


ORG=#01C;


ORG=#2B;


FDIVR.64.50:          NAD(FDIVR.64.100A),
         BEN 8 EX1 OR EY1 26,
         BEN 9 NOT EX0 OR EY0,
         FLOW X TO T,
         SHIFT L EMIT(11),
         EXMX ZERO,
         EALU HALF X,
         EYR,
         SIGN MUL OR DIV,
         DIV CLK D,
         DIV LD D CLR Q,
         DIV OE;

@2a 90C9247579A780BB082000000

ORG=#2C;


         NAD((MEMOP.A),
         BEN 9 ALU DATA NOT VALID;

@2c B06000CD7880000F080000000

ORG=#2D;


ORG=#01E;


ORG=#2E;


FDIVRZ.32.500A:          NAD(ca+1),
         EYMX EMIT (#7F),
         EALU PASS Y,
         INPUT LAT;

@2d 10C170CD588007FA180000000

ORG=#2F;


FDIVRZ.32.510B:         NAD((FDIVRZ.32.515A),
         FLOW SEL XC,
         EYL;

@2f 10C000CD7B80000E480000000

ORG=#30;


ORG=#020;


ORG=#31;


FREM.32.50:         NAD(ca+1),
           FLOW X TO T,
           SHIFT L EMIT(40),
           EXMX EXL,
           EYMX EYL,
           EALU X-Y,
           LD RMODE REG(0);

@30 10C188C578909287280000000

ORG=#32;


         NAD(MEMOP.A),
         BEN 9 ALU DATA NOT VALID;

@32 B06000CD7880000F080000000

ORG=#33;


ORG=#022;


ORG=#34;


FSQR.32.50:         NAD(FSQR.32.100A),
           BEN 7 EY1,
           BEN 8 EY0 3C,
           BEN 9 NOT FY0 3C,
           FLOW Y TO S,
           CLEAR D,
           DIV OE,
           EXMX EYL;

@33 F060004578A08003080000000

ORG=#35;


           NAD(MEMOP.A),
           BEN 9 ALU DATA NOT VALID;

@35 B06000CD7880000F080000000

ORG=#36;


ORG=#24;


ORG=#37;


FINP.32.50:         NAD(FINP.32.100A),
           BEN 9 NOT SIGN EYL,
           SHIFT R EXP DIFF,
           FLOW SEL XY,
           LAT X,
           EXL,
           SET XI ZERO LAT,
           RFX RD(#2A);

@36 70C000CC7B90F2A5288000000

ORG=#38;


           NAD(MEMOP.A),
           BEN 9 ALU DATA NOT VALID;

@38 B06000CD7880000F080000000

ORG=#39;


ORG=#026;


ORG=#3A;


CVT.IS.155C:         NAD(CVT.IS.200C),
           FLOW Y TO T,
           SHIFT R EMIT(40),
           MALU PASS Y,
           EXMX EXR,
           EALU PASS X,
           SIGN X OP,
           MICRO RESET;

@39 10C005CD78901A8F500000000

ORG=#3B;


CVT.ID.155C:         NAD(CVT.ID.200C),
           FLOW Y TO T,
           SHIFT R EMIT(11),
           MALU PASS Y,
           EXMX EXR,
           EALU PASS X,
           SIGN X OP,
           MICRO RESET;

@3b 10C005CD789018BF500000000

ORG=#3C;


ORG=#028;


ORG=#3D;


FCMP.32.50:FCMP.BR.32.50:FCMP.64.50:FCMP.BR.64.50:           NAD(ca),
           SHIFT R EXP DIFF,
           MALU Y+X,
           EXMX ADD,
           EALU PASS X,
           SIGN ADD,
           SET FSUB LAT,
           EXR;

@3c 10C1E7C078800003100000000

ORG=#3E;


           NAD(MEMOP.A),
           BEN 9 ALU DATA NOT VALID;

@3e B06000CD7880000F080000000

ORG=#3F;


ORG=#02A;


ORG=#40;


FCMPX.32.50:FCMPX.BR.32.50:FCMPX.64.50:FCMPX.64.BR.50:           NAD(FCMPX.100A),
           BEN 9 NOT UNORDERED REL,
           SHIFT R EXP DIFF,
           MALU Y+X,
           EXMX ADD,
           EALU PASS X,
           SIGN X OP,
           SET FSUB LAT,
           EXR;

@3f 30A007C078800003500000000

ORG=#41;


                 NAD(MEMOP.A),
                 BEN 9 ALU DATA NOT VALID;

@41 B06000CD7880000F080000000

ORG=#42;


ORG=#02C;


ORG=#43;


FCMP.80:FCMP.BR.80:                 NAD( FCMP.32.50),
                 RF RD SEL CNTR,
                 FLOW SEL XY,
                 LAT X,
 LAT Y,
                 SHIFT R EXP DIFF;

@42 10C1E0CC7B800003380000000

ORG=#44;


ORG=#02D;


ORG=#45;


FDIVRZ.32.515A:                 NAD( FDIRVRZ.32.520A),
                 BEN 9 NOT PREC MSB,
                 FLOW SEL XC,
                 RFX RD(#28),
                 EXL;

@44 502000CD7B80028D688000000

ORG=#46;


ORG=#02E;


ORG=#47;


CVT.SD.50:                 NAD(CVT.SD.100A),
                 BEN 7 EY1,
                 BEN 8 EY0 3C,
                 BEN 9 NOT FY0 3C,
                 EXMX EYL,
                 EYMX EMIT(896),
                 EALU X+Y,
                 SIGN Y OP,
                 EXR,
                 FLOW Y TO T,
                 SHIFT L PRIO ENCODE;

@46 F06000C9F8803802582000000

ORG=#48;


                 NAD(MEMOP.A),
                 BEN 9 ALU DATA NOT VALID;

@48 B06000CD7880000F080000000

ORG=#49;


ORG=#030;


ORG=#4A;


CVT.SE.50:                 NAD(CVT.SE.100A),
                 BEN 7 EY1,
                 BEN 8 EY0 3C,
                 BEN 9 NOT FY0 3C,
                 EXMX EYL,
                 EYMX EMIT(16256),
                 EALU X+Y,
                 SIGN Y OP,
                 EXR,
                 FLOW Y TO T,
                 SHIFT L PRIO ENCODE;

@49 F06000C9F883F802582000000

ORG=#4B;


                 NAD(MEMOP.A),
                 BEN 9 ALU DATA NOT VALID;

@4b B06000CD7880000F080000000

ORG=#4C;


ORG=#32;


ORG=#4D;


CVT.DS.50:                 NAD( CVT.DS.100A),
                 BEN 7 EY1,
                 BEN 8 EY0 3C,
                 BEN 9 NOT FY0 3C,
                 EXMX EYL,
                 EYMX EMIT(896),
                 EALU X-Y,
                 SIGN Y OP,
                 EXR,
                 FLOW Y TO T,
                 LD BOTH PREC REG 0 (1);

@4c F06000D978603802682000000

ORG=#4E;


                 NAD(MEMOP.A),
                 BEN 9 ALU DATA NOT VALID;

@4e B06000CD7880000F080000000

ORG=#4F;


ORG=#034;


ORG=#50;


CVT.DE.50:       NAD(CVT.DE.100A),
                 BEN 7 EY1,
                 BEN 8 EY0 3C,
                 BEN 9 NOT FY0 3C,
                 EXMX EYL,
                 EYMX EMIT(15360),
                 EALU X+Y,
                 SIGN Y OP,
                 EXR,
                 FLOW Y TO T,
                 SHIFT L PRIO ENCODE;

@4f F06000C9F883C002582000000

ORG=#51;


                 NAD(MEMOP.A),
                 BEN 9 ALU DATA NOT VALID;

@51 B06000CD7880000F080000000

ORG=#52;


ORG=#036;


ORG=#53;


CVT.ES.50:       NAD(ca+1),
                 RF RD SEL CNTR,
                 FLOW SEL XY,
                 LAT X,
                 LAT Y,
                 LD MICROFLAGS(1);

@52 10C298DD7B90A003380000000

ORG=#54;


                 NAD(CVT.ES.150A),
                 BEN 7 EY1,
                 BEN 8 EY0 3C,
                 EXMX EYL,
                 EYMX EMIT(16256),
                 EALU X-Y,
                 SIGN Y OP,
                 EXR,
                 FLOW Y TO T,
                 LD BOTH PREC REG 0 (3);

@54 F06000F97863F802682000000

ORG=#55;


ORG=#038;


ORG=#56;


CVT.ED.50:                 NAD(ca+1),
                 RF RD SEL CNTR,
                 FLOW SEL XY,
                 LAT X,
 LAT Y,
                 LD MICROFLAGS(1);

@55 10C2B0DD7B90A003380000000

ORG=#57;


                 NAD(CVT.ED.150A),
                     BEN 7 EY1,
                     BEN 8 EY0 3C,
                     BEN 9 NOT FY0 3C,
                     EXMX EYL,
                     EYMX EMIT(15360),
                     EALU X-Y,
                     SIGN Y OP,
                     EXR,
                     FLOW Y TO T,
                     LD BOTH PREC REG 1 (3);

@57 F06000F97863C002692000000

ORG=#58;


ORG=#03A;


ORG=#59;


FRAC.OVFL.100A,
1:                 NAD(FRAC.OVFL.100A.2),
                     BEN 8 EXP UNFL,
                     EXMX EXR,
                     WIRE OR ZERO,
                     EALU PASS X;

@58 908000CD78A0000F100000000

ORG=#5A;


ORG=#03B;


ORG=#5B;


                NAD(FRAC.OVFL.100A.2),
                    EXMX EXR,
                    EYMX EMIT(1),
                    EALU X+Y;

@5a 10C000CD7880001E180000000

ORG=#5C;


ORG=#03C;


ORG=#5D;


FRAC.OVFL.170.1:                     NAD(FRAC.OVFL.170.2),
                    MALU ZERO,
                    OVERRIDE RALU,
                    PACK EXT FRAC,
                    ENABLE EXCEPTIONS,
                    EXMX EXR,
                    EALU PASS X,
                    SIGN X OP,
                    EYR,
                    INPUT LAT;

@5c 10C5108D4D80040F500000000

ORG=#5E;


ORG=#03D;


ORG=#5F;


FRAC.OVLF.170B.2:                NAD(FRACOVFL.180),
                    MALU ZERO,
                    OVERRIDE RALU,
                    FPA DATA VALID,
                    EXMX EXR,
                    EALU PASS X,
                    SIGN X OP,
                    EXR;

@5e 12C000897880040F500000000

ORG=#60;


ORG=#03E;


ORG=#61;


CVT.IS.50:                 NAD(CVT.IS.100A),
                    BEN 9 NOT FRACY 00,
                    FLOW Y TO T,
                    SHIFT L PRIO ENCODE,
                    EYMX EMIT(190),
                    EALU PASS Y,
                    EXR,
                    SET FRC FLAG LO LAT B;

@60 10C000C9F8200BEA180000000

ORG=#62;


                    NAD(MEMOP),
                    BEN 9 ALU DATA NOT VALID;

@62 B06000CD7880000F080000000

ORG=#63;


ORG=#040;


ORG=#64;


CVT.ID.50:                NAD(CVT.ID.100A),
                    BEN 9 NOT FRACY 00,
                    FLOW Y TO T,
                    SHIFT L PRIO ENCODE,
                    EYMX EMIT(1086),
                    EALU PASS Y,
                    EYR,
                    SET FRC FLAG LO LAT B;

@63 10C000CDF82043EA180000000

ORG=#65;


                    NAD(MEMOP),
                    BEN 9 ALU DATA NOT VALID;

@65 B06000CD7880000F080000000

ORG=#66;


ORG=#042;


ORG=#67;


CVT.IE.50:                  NAD(CVT.IE.100A),
                    BEN 9 NOT FRACY 00,
                    FLOW Y TO T,
                    SHIFT L PRIO ENCODE,
                    EYMX EMIT(16446),
                    EALU PASS Y,
                    EXR,
                    SET FRC FLAG LO LAT A;

@66 10C000C9F28403EA180000000

ORG=#68;


ASCII.SUB.160A:                  NAD( ASCII.SUB.160B),
                    OVERRIDE RALU,
                    ASCII X-Y,
                    SHIFT ZERO,
                    WIRE OR ZERO;

@68 10C4938D78A0040F080000000

ORG=#69;


ORG=#044;


ORG=#6A;


CVT.SI.50:                    NAD(CVT.SI.100A),
                    BEN 7 EY1,
                    BEN 8 EY0 3C,
                    BEN 9 NOT FY0 3C,
                    EYMX EMIT(150),
                    EALU PASS Y,
                    EXR,
                    EYR,
                    SIGN Y OP,
                    SET FRC FLAG LO LAT A,
                    LD BOTH PREC REG 2(0);

@69 F06000C97270096A582000000

ORG=#6B;


                NAD(MEMOP.A),
                    BEN 9 ALU DATA NOT VALID;

@6b B06000CD7880000F080000000

ORG=#6C;


ORG=#046;


ORG=#6D;


CVT.DI.50:      NAD(CVT.SI.100A),
                BEN 7 EY1,
                    BEN 8 EY0 3C,
                    BEN 9 NOT FY0 3C,
                    EYMX EMIT(1075),
                    EALU PASS Y,
                    EXR,
                    EYR,
                    SIGN Y OP,
                    SET FRC FLAG LO LAT A,
                    LD BOTH PREC REG 2(1);

@6c F06000D97270433A582000000

ORG=#6E;


                    NAD(MEMOP.A),
                    BEN 9 ALU DATA NOT VALID;

@6e B06000CD7880000F080000000

ORG=#6F;


ORG=#048;


ORG=#70;


CVT.EI.50:                NAD(ca+1),
                    RF RD SEL CNTR,
                    FLOW SEL XY,
                    LAT X,
                     LAT Y;

@6f 10C380CD7B800003380000000

ORG=#71;


                NAD(CVT.SI.100A),
                    BEN 7 EY1,
                    BEN 8 EY0 3C,
                    BEN 9 NOT FY0 3C,
                    EYMX EMIT(16446),
                    EALU PASS Y,
                    EXR,
                    EYR,
                    SIGN Y OP,
                    SET FRC FLAG LO LAT A,
                    LD BOTH PREC REG 2 (3);

@71 F06000F9727403EA582000000

ORG=#72;


ORG=#04A;


ORG=#73;


MUL.64.50:                NAD(MUL.64.100A),
                    BEN 9 32 X 32,
                    LD RALU CNTL HALF X;

@72 106948DD7890B00F080000000

ORG=#74;


                    NAD(MEMOP.A),
                    BEN 9 ALU DATA NOT VALID;

@74 B06000CD7880000F080000000

ORG=#75;


ORG=#04C;


ORG=#76;


DIV.64.50:                NAD(DIV.64.100A),
                    BEN 9 NOT FRACY 00,
                    FLOW Y TO T,
                    SHIFT L PRIO ENCODE,
                    EXMX ZERO,
                    EALU HALF X,
                    EYR,
                    LD MICROFLAGS(0);

@75 10C990CDF890A00B080000000

ORG=#77;


                NAD(MEMOP.A),
                    BEN 9 ALU DATA NOT VALID;

@77 B06000CD7880000F080000000

ORG=#78;


ORG=#04E;


ORG=#79;


DIVR.64.50:                 NAD(DIVR.64.100),
                    FLOW Y TO T,
                    SHIFT PASS,
                    EXMX ZERO,
                    EALU HALF X,
                    EYR,
                    LD MICROFLAGS(0);

@78 10C000CD7890A00B080000000

ORG=#7A;


                NAD(MEMOP.A),
                    BEN 9 ALU DATA NOT VALID;

@7a B06000CD7880000F080000000

ORG=#7B;


ORG=#050;


ORG=#7C;


REM 64.50:                NAD(DIV.64.100A),
                    BEN 9 NOT FRACY 00,
                    FLOW Y TO T,
                    SHIFT L PRIO ENCODE,
                    EXMX ZERO,
                    EYMX EMIT(2),
                    EMIT RIGHT HALF(1),
                    EALU X+Y,
                    EYR,
                    LD MICROFLAGS(0);

@7b 10C990CDF890000A180000000

ORG=#7D;


                    NAD(MEMOP.A),
                    BEN 9 ALU DATA NOT VALID;

@7d B06000CD7880000F080000000

ORG=#7E;


ORG=#052;


ORG=#7F;


REMR.64.50:                NAD(DIVR.64.100),
                    FLOW Y TO T,
                    EXMX ZERO,
                    EYMX EMIT(2),
                    EMIT RIGHT HALF(1),
                    EALU X+Y,
                    EYR,
                    LD MICROFLAGS(0);

@7e 10C000CD7890000A180000000

ORG=#80;


                    NAD(MEMOP.A),
                    BEN 9 ALU DATA NOT VALID;

@80 B06000CD7880000F080000000

ORG=#81;


ORG=#054;


ORG=#82;


MULS.128.50:                 NAD(MULU.128.150),
                    SHIFT PASS,
                    SET MUL LAT,
                    LD MUL CNTR 3;

@81 10C000BD5190600F080000000

ORG=#83;


CVT.ED.200C.1:                NAD(CVT.ED.200C),
                    FPA DATA VALID,
                    FLOW Y TO T,
                    SHIFT R EMIT(11),
                    MALU PASS Y,
                    EXMX EXR,
                    EALU PASS X,
                    SIGN X OP;

@83 12C005CD788008BF500000000

ORG=#84;


ORG=#056;


ORG=#85;


MULU.128.50:                NAD(MULS.128.50),
                    SHIFT PASS,
                    LD BOTH PREC REG 3(2);

@84 10C408ED7870000F090000000

ORG=#86;


CVT.ES.200C.1:                NAD(CVT.ES.200C),
                    FPA DATA VALID,
                    FLOW Y TO T,
                    SHIFT R EMIT(40),
                    MALU PASS Y,
                    EXMX EXR,
                    EALU PASS X,
                    SIGN X OP;

@86 12C005CD78800A8F500000000

ORG=#87;


ORG=#058;


ORG=#88;


FSQR.64.50:                NAD(FSQR.64.100A),
                    BEN 7 EY1,
                    BEN 8 EY0 3C,
                    BEN 9 NOT FY0 3C,
                    CLEAR D,
                    DIV OE,
                    EXMX EXL;

@87 F060004D78A08007080000000

ORG=#89;


                NAD(MEMOP.A),
                    BEN 9 ALU DATA NOT VALID;

@89 B06000CD7880000F080000000

ORG=#8A;


ORG=#05A;


ORG=#8B;


FSQR.80.50:                     NAD(ca+1),
                    RF RD SEL CNTR,
                    FLOW SEL XY,
                    LAT Y;

@8a 10C458CD7B80000B380000000

ORG=#8C;


                    NAD(FSQR.80.150A),
                    FLOW Y TO T,
                    SHIFT L PRIO ENCODE,
                    MALU PASS Y,
                    EYMX PRIO ENCODE,
                    EALU PASS Y,
                    SET FRC FLAG LO LAT A,
                    LD BOTH PREC REG 3(2);

@8c 10C005EDF2700009190000000

ORG=#8D;


ORG=#05C;


ORG=#8E;


FIND.FIRST.50:                NAD(FIND.FIRST.100),
                    FLOW Y TO T,
                    SHIFT L PRIO ENCODE,
                    MALU PASS Y,
                    EYMX PRIO ENCODE,
                    EALU PASS Y,
                    SET FRC FLAG LO LAT A,
                    LD BOTH PREC REG 3(2);

@8d 10C005EDF2700009190000000

ORG=#8F;


                    NAD(MEMOP.A),
                    BEN 9 ALU DATA NOT VALID;

@8f B06000CD7880000F080000000

ORG=#90;


ORG=#05E;


ORG=#91;


ASCII.ADD.50:                NAD(ASCII.ADD.100),
                    FLOW X TO S,
                    LD RALU CNTL X,
                    SHIFT PASS,
                    ASCII LAT;

@90 10C004ED7A9DB00F080000000

ORG=#92;


ASCII.SUB.160B:                NAD(ASCII.SUB.160C),
                    RFX RD(#10),
                    FLOW SEL CX,
                    LAT Y;

@92 10C4A8CD7B80010BE88000000

ORG=#93;


ORG=#060;


ORG=#94;


ASCII.ADDC.50:                NAD(ASCII.ADDC.100),
                    FLOW X TO S,
                    LD RALU CNTL X,
                    SHIFT PASS,
                    ASCII LAT;

@93 10C004ED7A9DB00F080000000

ORG=#95;


ASCII.SUB.160C:  NAD(ASCII.SUB.250),
                 FLOW Y TO T,
                     SHIFT PASS,
                     MALU PASS Y,
                     OVERRIDE RALU;

@95 10C0058D7880000F080000000

ORG=#96;


ORG=#062;


ORG=#97;


ASCII.SUB.50:                 NAD(ASCII.SUB.100),
                     FLOW X TO S,
                     LD RALU CNTL X,
                     SHIFT PASS,
                     ASCII LAT;

@96 10C524ED7A9DB00F080000000

ORG=#98;


ASCII.SUB.180:                 NAD(ASCII.SUB.180A),
                     OVERRIDE RALU,
                     FPA DATA VALID,
                     ASCII X-Y,
                     SHIFT ZERO,
                     WIRE OR ZERO;

@98 12C4DB8D78A0040F080000000

ORG=#99;


ORG=#064;


ORG=#9A;


ASCII.SUBC.50:                 NAD(ASCII.SUBC.100),
                     FLOW X TO S,
                     LD RALU CNTL X,
                     SHIFT PASS,
                     ASCII LAT;

@99 10C004ED7A9DB00F080000000

ORG=#9B;


ASCII.SUB.180A:                 NAD(ASCII.SUB.180B),
                     OVERRIDE RALU,
                     ASCII X-Y,
                     SHIFT ZERO,
                     WIRE OR ZERO;

@9b 10C4F38D78A0040F080000000

ORG=#9C;


ORG=#066;


ORG=#9D;


CVT.AI.50:                 NAD(CVT.AI.100),
                     FLOW Y TO S,
                     ASCII LAT;

@9c 10C004C57A8D000F080000000

ORG=#9E;


ASCII.SUB.180B:                  NAD(ASCII.SUB.180C),
                     RFX RD(#11),
                     FLOW SEL CX,
                     LAT Y;

@9e 10C508CD7B80011BE88000000

ORG=#9F;


ORG=#068;


ORG=#A0;


CVT.IA.50:                 NAD(CVT.IA.100),
                     READ,
                     RFX RD(#41),
                     FLOW SEL XY,
                     LAT X,
                     FLOW X TO T;

@9f 10C000C57B800417288000000

ORG=#A1;


ASCII.SUB.180C:                 NAD(ASCII.SUB.250),
                     FLOW Y TO T,
                     SHIFT PASS,
                     MALU PASS Y,
                     OVERRIDE RALU;

@a1 10C0058D7880000F080000000

ORG=#A2;


ORG=#06A;


ORG=#A3;


FRAC.OVFL.170.2:                 NAD(FRACOVFL.190),
                     MALU ZERO,
                     OVERRIDE RALU,
                     FPA DATA VALID,
                     EXMX EXR,
                     EALU PASS X,
                     SIGN X OP,
                     EXR;

@a2 12C000897880040F500000000

ORG=#A4;


ASCII.SUB.100:                 NAD(#2C6),
                     OVERRIDE RALU,
                     ASCII X-Y,
                     SHIFT ZERO,
                     WIRE OR ZERO;

@a4 10D6338D78A0040F080000000

ORG=#A5;


ORG=#06C;


ORG=#A6;


WRITE.STATUS.100:                 NAD(WRITE.STATUS.150),
                     FLOW X TO T,
                     SHIFT PASS,
                     MALU PASS Y,
                     OVERRIDE RALU,
                     ZERO RALU CNTRLS;

@a5 10C53D857890300F080000000

ORG=#A7;


WRITE.STATUS.150:                 NAD(DECODE),
                 FLOW X TO T,
                     SHIFT PASS,
                     MALU PASS Y,
                     OVERRIDE RALU,
                     ZERO RALU CNTRLS,
                     WR STATUS;

@a7 10C005857A9A300F080000000

ORG=#A8;


ORG=#06E;


ORG=#A9;


FCMPX.80.50:FCMPX.BR.80.50:                 NAD(FCMPX.32.50),
                     RF RD SEL CNTR,
                     FLOW SEL XY,
                     LAT X,
                     LAT Y,
                     SHIFT R EXP DIFF;

@a8 10C1F8CC7B800003380000000

ORG=#AA;


CVT.DE.200D.3:                 NAD(CVT.SE.200D),
                     FLOW Y TO T,
                     SHIFT L EMIT(11),
                     PACK EXT FRAC,
                     OVERRIDE RALU,
                     INPUT LAT,
                     MALU PASS Y;

@aa 10C0058D5D8000BF080000000

ORG=#AB;


ORG=#070;


ORG=#AC;


FINP.64.50:                 NAD(#208),
                     BEN 9 NOT SIGN EYL,
                     SET XI ZERO LAT,
                     RFX RD(#2B),
                     FLOW SEL XY,
                     LAT X,
                     EXL;

@ab 70D040CD7B90F2B5288000000

ORG=#AD;


                 NAD(MEMOP.A),
                     BEN 9 ALU DATA NOT VALID;

@ad B06000CD7880000F080000000

ORG=#AE;


ORG=#072;


ORG=#AF;


FINP.80.50:                 NAD(ca+1),
                     RF RD SEL CNTR,
                     FLOW SEL XY,
                     LAT Y;

@ae 10C578CD7B80000B380000000

ORG=#B0;


                 NAD(FINP.80.100A),
                     BEN 9 NOT SIGN EYL,
                     SET XI ZERO LAT,
                     RFX RD(#2C),
                     FLOW SEL XY,
                     EXL;

@b0 70C000CD7B90F2CD288000000

ORG=#B1;


ORG=#074;


ORG=#B2;


ASCII.SUB.150:                 NAD(ASCII.SUB.160A),
                     OVERRIDE RALU,
                     FPA DATA VALID,
                     ASCII X-Y,
                     SHIFT ZERO,
                     WIRE OR ZERO;

@b1 12C3438D78A0040F080000000

ORG=#B3;


                     NAD(ASCII.SUB.160A),
                     OVERRIDE RALU,
                     FPA DATA VALID,
                     ASCII X-Y,
                     SHIFT ZERO,
                     WIRE OR ZERO;

@b3 12C3438D78A0040F080000000

ORG=#B4;


ORG=#076;


ORG=#B5;


ASCII.SUB.160A:                 NAD(ASCII.SUB.160A),
                     OVERRIDE RALU,
                     FPA DATA VALID,
                     ASCII X-Y,
                     SHIFT ZERO,
                     WIRE OR ZERO;

@b4 12C3438D78A0040F080000000

ORG=#B6;


                     NAD(FADD.32.150A),
                     TRAP ALU,
                     BEN 9 MALU EQ 0,
                     SHIFT R EXP DIFF,
                     MALU Y+X;

@b6 50C63FCC7890200F080000000

ORG=#B7;


ORG=#078;


ORG=#B8;


SEND.MSG:                        NAD(SEND.MSG.1),
                 SET SIGN MSB LAT,
                     RESET MUL LAT;

@b7 10C000CD7A9BE00F080000000

ORG=#B9;


SEND.MSG.3:                      NAD(SEND.MSG.4),
                     EALU PASS X,
                     SIGN ZERO,
                     TRAP ALU,
                     OVERRIDE RALU,
                     EXMX EXR;

@b9 10C5D08D7890200F900000000

ORG=#BA;


SEND.MSG.4:                 NAD(SEND.MSG.5),
                     EALU PASS X,
                     SIGN ZERO,
                     EXMX EXR,
                     OVERRIDE RALU,
                     TRAP ALU;

@ba 10C5D88D7890200F900000000

ORG=#BB;


SEND.MSG.5:      NAD(SEND.MSG.200),
                 EALU PASS X,
                     SIGN ZERO,
                     EXMX EXR,
                     LD RALU CNTL ZERO,
                     INPUT LAT;

@bb 10C000CD5890B00F900000000

ORG=#BC;


ORG=#07C;


ORG=#BD;


FADD.32.125B:                 NAD(FADD.32.150C),
                     ENABLE EXCEPTIONS,
                     SHIFT R EXP DIFF,
                     MALU Y+X,
                     EXMX ADD,
                     EYMX ZERO,
                     EALU HW,
                     SIGN ADD,
                     ALLOW HW SET IX,
                     EYR,
                     INPUT LAT;

@bc 10C69FCC4C800003300000000

ORG=#BE;


FADD.32.125D:                 NAD(FADD.32.150D),
                     BEN 8 XNAN,
                     BEN 9 NOT YNAN,
                     FLOW Y TO S;

@be B026C8C57880000F080000000

ORG=#BF;


FADD.32.175XNAN:                 NAD(FADD.32.200XNAN),
                     BEN 9 NOT FRACX F BIT,
                     FLOW X TO S;

@bf 508710CD7880000F080000000

ORG=#C0;


ORG=#07F;


ORG=#C1;


TRAP1.50:                           NAD(MEMOP.B);

@c0 10C000CD7880000F080000000

ORG=#C2;


ORG=#080;


ORG=#C3;


FADD.32.100A:                 NAD(FADD.32.125A),
                     SHIFT R EXP DIFF,
                     MALU Y+X,
                     EXMX ADD,
                     EALU PASS X,
                     SIGN X OP,
                     EXR;

@c2 10C007C878800003500000000

ORG=#C4;


FADD.32.100B:                 NAD(FADD32.125B),
                     SHIFT R EXP DIFF,
                     MALU Y+X,
                     EXMX ADD,
                     EYMX ZERO,
                     EALU HW,
                     SIGN ADD;

@c4 10C007CC78800003300000000

ORG=#C5;


FADD.32.200C:                     NAD(#186),
                     MALU ZERO,
                     EALU ZERO,
                     SIGN RMODE,
                     EXR,
                     EYR;

@c5 10CC30C97880040BC82000000

ORG=#C6;


FADD.32.100D:    NAD(FADDD.32.100B.1),
                 SHIFT R EXP DIFF,
                 MALU Y+X,
                 EXMX ADD,
                 EALU PASS X,
                 SIGN ADD;

@c6 10C007CC78800003100000000

ORG=#C7;


ORG=#084;


ORG=#C8;


FADD.32.150A:                 NAD(FADD.32.200A),
                 BEN 9 NOT PACK I BIT,
                 SHIFT R EXP DIFF,
                 MALU Y+X;

@c7 50A657CC7880000F080000000

ORG=#C9;


FADD.32.150B:                     NAD(FADD.32.200C),
                 EXMX ZERO,
                 EALU HALF X,
                 EXR,
                 SIGN XR,
                 SET SIGN MSB LAT;

@c9 10C628C97A8B000BC80000000

ORG=#CA;


ORG=#086;


ORG=#CB;


FADD.32.200A:                 NAD(FADD.32.250A),
                 SHIFT R EXP DIFF,
                 MALU Y+X,
                 EXMX EXR,
                 EYMX ZERO,
                 EALU HW,
                 SIGN X OP,
                 EXR;

@ca 10C6BFC87880000F700000000

ORG=#CC;


FADD.32.200B:                 NAD(FADD.32.250B),
                 BEN 9 NOT UN TRAP,
                 SHIFT R EXP DIFF,
                 MALU Y+X;

@cc 30266FCC7880000F080000000

ORG=#CD;


ORG=#088;


ORG=#CE;


FADD.32.250B:                 NAD(SEND.MSG),
                 EYMX EMIT SHORT(FLOATING.UNFL),
                 EALU PASS Y,
                 SET UN,
                 EXR;

@cd 10C5B8C97A81000A180000000

ORG=#CF;


                 NAD(FADD.32.300C),
                 FPA DATA VALID,
                 BEN 9 NOT FLUSH TO ZERO,
                 SHIFT R EXP DIFF,
                 MALU Y+X,
                 EXMX ZERO,
                 EALU HALF X,
                 EXR,
                 SIGN ADD;

@cf 524687C87880000B080000000

ORG=#D0;


ORG=#08A;


ORG=#D1;


FADD.32.300C:                 NAD(DECODE),
                 MALU ZERO,
                 EXMX ZERO,
                 EALU HALF X,
                 SIGN ADD;

@d0 10C000CD7880040B080000000

ORG=#D2;


                 NAD(DECODE),
                 SHIFT R EXP DIFF,
                 MALU Y+X,
                 EXMX ZERO,
                 EALU HALF X,
                 SIGN ADD;

@d2 10C007CC7880000B080000000

ORG=#D3;


ORG=#08C;


ORG=#D4;


FADD.32.150C:                 NAD(ca+1),
                 FPA DATA VALID,
                 SHIFT R EXP DIFF,
                 MALU Y+X,
                 EXMX ADD,
                 EYMX ZERO,
                 EALU HW,
                 SIGN ADD;

@d3 12C6A7CC78800003300000000

ORG=#D5;


ORG=#08D;


ORG=#D6;


                 NAD(#000),
                 FPA DATA VALID,
                 SHIFT R EXP DIFF,
                 MALU Y+X,
                 EXMX ADD,
                 EYMX ZERO,
                 EALU HW,
                 SIGN ADD;

@d5 12C007CC78800003300000000

ORG=#D7;


FADD.32.250A:                 NAD(ca+1),
                 FPA DATA VALID,
                 MALU Y+X,
                 EXMX ADD,
                 EYMX ZERO,
                 EALU HW,
                 SIGN ADD;

@d7 12C6C7CD78800003300000000

ORG=#D8;


                 NAD(DECODE),
                 SHIFT R EXP DIFF,
                 EXMX EXR,
                 EALU PASS X,
                 SIGN ADD,
                 EYR,
                 INPUT LAT;

@d8 10C000CC5880000F100000000

ORG=#D9;


ORG=#090;


ORG=#DA;


FADD.32.150D:                 NAD(FADD.32.200YNAN),
                 BEN 9 NOT FRACX F BIT,
                 FLOW Y TO S;

@d9 5086F0C57880000F080000000

ORG=#DB;


                 NAD(FADD.32.200INFS),
                 BEN 8 XINF,
                 BEN 9 NOT YINF,
                 EXMX EXL;

@db B00000CD78800007080000000

ORG=#DC;


                 NAD(FADD.32.200BOTHNAN),
                 BEN 9 NOT FRACX F BIT,
                 FLOW Y TO S;

@dc 508000C57880000F080000000

ORG=#DD;


                 NAD(FADD.32.175XNAN),
                 FLOW X TO S;

@dd 10C5F8CD7880000F080000000

ORG=#DE;


FADD.32.200YNAN:                 NAD(INVALID),
                 BEN 9 NOT IV TRAP,
                 EYMX EMIT(0),
                 EALU PASS Y,
                 EXR;

@de 306000C97880000A180000000

ORG=#DF;


                 NAD(DELIVER.Y.250A),
                 EYMX EYL,
                 SIGN Y OP,
                 EALU PASS Y,
                 BEN 9 NOT PREC MSB;

@df 502700CD7880000B582000000

ORG=#E0;


DELIVER.Y.250A:                 NAD(DELIVER.Y.300A),
                 FLOW Y TO T,
                 SHIFT PASS,
                 MALU PASS Y,
                 EYMX EYR,
                 EALU PASS Y,
                 SIGN Y OP,
                 TWO WORDS TO ALU AFTER TRAP;

@e0 12C005CD78800008582000000

ORG=#E1;


DELIVER.Y.250B:                 NAD(DELIVER.Y.300B),
                 FLOW Y TO T,
                 SHIFT PASS,
                 MALU PASS Y,
                 EYMX EYR,
                 EALU PASS Y,
                 SIGN Y OP,
                 ONE WORD TO ALU AFTER TRAP;

@e1 16C725CD78800008582000000

ORG=#E2;


FADD.32.200XNAN:                 NAD(INVALID),
                 BEN 9 NOT IV TRAP,
                 EYMX EMIT(0),
                 EALU PASS Y,
                 EXR;

@e2 306000C97880000A180000000

ORG=#E3;


                 NAD(DELIVER.X.250A),
                 EXMX EXL,
                 SIGN X OP,
                 EALU PASS X,
                 EXR,
                 BEN 9 NOT PREC MSB;

@e3 502000C978800007500000000

ORG=#E4;


DELIVER.Y.300B:                 NAD(#000),
                 FLOW Y TO T,
                 SHIFT PASS,
                 MALU PASS Y,
                 EYMX EYR,
                 EALU PASS Y,
                 SIGN Y OP;

@e4 10C005CD78800008582000000

ORG=#E5;


ORG=#09B;


ORG=#E6;


FMUL.32.125:                 NAD(FMUL.32.150A),
                 FLOW X TO S,
                 MALU ZERO,
                 MUL OE,
                 EXMX EXR,
                 EYMX EYL,
                 EALU HW NOT EYMX ZERO,
                 SIGN X OP;

@e5 10C000CD78A0440F780000000

ORG=#E7;


FMUL.32.100A:                 NAD(FMUL.32.150B),
                 WIRE OR ZERO,
                 BEN 8 XN0,
                 BEN 9 NOT YN0;

@e7 90E780CD78A0000F080000000

ORG=#E8;


FMUL.32.100B:                 NAD(FMUL.32.125),
                 FLOW X TO S,
                 MALU ZERO,
                 MUL OE,
                 EXMX EXR,
                 EYMX EYL,
                 EALU HW NOT EYMX ZERO,
                 SIGN X OP;

@e8 10C728CD78A0440F780000000

ORG=#E9;


FMUL.32.100C:                 NAD(FMULN.32.150A),
                 BEN 8 XNAN,
                 BEN 9 NOT YNAN,
                 FLOW Y TO S,
                 WIRE OR ZERO;

@e9 B02000C578A0000F080000000

ORG=#EA;


FMUL.32.100D:                     NAD(FMULN.32.150A),
                 BEN 8 XNAN,
                 BEN 9 NOT YNAN,
                 FLOW Y TO S,
                 WIRE OR ZERO;

@ea B02000C578A0000F080000000

ORG=#EB;


ORG=#0A0;


ORG=#EC;


FMUL.32.100A:                 NAD(ca+1),
                 ENABLE EXCEPTIONS,
                 MALU ZERO,
                 EXMX EXR,
                 EYMX EYL,
                 EALU HW NOT EYMX ZERO,
                 EYR,
                 SIGN X OP,
                 INPUT LAT,
                 ALLOW HW SET IX;

@eb 10C760CD4C80040F780000000

ORG=#ED;


ZERO.OUTSIGNX:                 NAD(ca+1),
                 FPA DATA VALID,
                 MALU ZERO,
                 EXMX ZERO,
                 EYMX EYR,
                 EALU X+Y,
                 EYR,
                 INPUT LAT,
                 SIGN Y OP;

@ed 12C770CD58800408582000000

ORG=#EE;


                 NAD(#000),
                 MALU ZERO,
                 EXMX ZERO,
                 EYMX EYR,
                 EALU X+Y,
                 EYR,
                 INPUT LAT,
                 SIGN Y OP;

@ee 10C000CD58800408582000000

ORG=#EF;


FMUL.32.200B:                 NAD(#000),
                 OVERRIDE RALU,
                 MALU ZERO,
                 EXMX EXR,
                 EALU PASS X,
                 INPUT LAT,
                 SIGN X OP;

@ef 10C0008D5880040F500000000

ORG=#F0;


ORG=#0A4;


ORG=#F1;


FMUL.32.150B:                    NAD(FMUL.32.200B),
                 FPA DATA VALID,
                 MALU ZERO,
                 EALU ZERO,
                 EXR,
                 SIGN MUL OR DIV,
                 OVERRIDE RALU;

@f0 12C778897880040B082000000

ORG=#F2;


FMUL.32.150C:                 NAD(FMUL.32.200C),
                 WIRE OR ZERO;

@f2 10C000CD78A0000F080000000

ORG=#F3;


FMUL.32.150D:                 NAD(FMUL.32.200B),
                 FPA DATA VALID,
                 MALU ZERO,
                 EALU ZERO,
                 EXR,
                 SIGN MUL OR DIV;

@f3 12C778C97880040B082000000

ORG=#F4;


ORG=#0B3;


ORG=#F5;


FMUL.64.100A:                 NAD(ca+1),
                 SHIFT R EALU,
                 FLOW X TO S;

@f4 10C7A8CCF880000F080000000

ORG=#F6;


                 NAD(FMUL.32.100A),
                 BEN 8 EX1 OR EY1 26,
                 BEN 9 NOT EX0 OR EY0,
                 SHIFT R EALU,
                 FLOW X TO S;

@f6 90C738CCF880000F080000000

ORG=#F7;


FMUL.64.600:                      NAD(ca+1),
                 SHIFT PASS,
                 FLOW X TO S;

@f7 10C7C0CD7880000F080000000

ORG=#F8;


                 NAD(ca+1),
                 SHIFT PASS,
                 FLOW X TO S;

@f8 10C7C8CD7880000F080000000

ORG=#F9;


FMUL.32.700:                     NAD(ca+1),
                 SHIFT PASS,
                 FLOW X TO S,
                 EXMX EXR,
                 EYMX EYR,
                 EALU X+Y,
                 EXR,
                 SIGN X OP;

@f9 10C7D0C97880000C580000000

ORG=#FA;


FMUL.32.750:                     NAD(FMUL.32.800),
                 SHIFT PASS,
                 FLOW X TO S,
                 MALU ZERO,
                 MUL OE,
                 EXMX EXR,
                 EYMX ZERO,
                 EALU HW,
                 SIGN X OP;

@fa 10CAA0CD78A0440F700000000

ORG=#FB;


FMUL.32.850:                      NAD(ca+1),
                 ENABLE EXCEPTIONS,
                 MALU ZERO,
                 EXMX EXR,
                 EYMX ZERO,
                 EALU HW,
                 EYR,
                 SIGN X OP,
                 INPUT LAT,
                 ALLOW HW SET IX;

@fb 10C7E0CD4C80040F700000000

ORG=#FC;


                 NAD(ca+1),
                 FPA DATA VALID,
                 MALU ZERO,
                 EXMX EXR,
                 EYMX EYR,
                 EALU HW,
                 EYR,
                 INPUT LAT,
                 SIGN X OP;

@fc 12C7E8CD5880040C700000000

ORG=#FD;


                 NAD(#000),
                 MALU ZERO,
                 EXMX EXR,
                 EYMX ZERO,
                 EALU HW,
                 EYR,
                 INPUT LAT,
                 SIGN X OP;

@fd 10C000CD5880040F700000000

ORG=#FE;


ORG=#0BC;


ORG=#FF;


FDIV.64.175A:                 NAD(FDIV.64.200A);

@fe 10C8F0CD7880000F080000000

ORG=#100;


FDIV.32.175A:    NAD(FDIV.32.200A);

@100 10C858CD7880000F080000000

ORG=#101;


ORG=#0BE;


ORG=#102;


FDIVR.32.200A:                    NAD(FDIV.32.175A),
                 LD SEQ CNTR(11),
                 DIV CLK QB Q RS;

@101 10C800CD79C800BA180000000

ORG=#103;


FDIVR.64.200A:                    NAD(FDIV.64.175A),
                 LD SEQ CNTR(26),
                 DIV CLK QB Q RS;

@103 10C7F0CD79C801AA180000000

ORG=#104;


ORG=#0C0;


ORG=#105;


FDIVR.32.100A:                 NAD(FDIVZ.32.150A),
                 BEN 8 XN0,
                 BEN 9 NOT YN0;

@104 90E000CD7880000F080000000

ORG=#106;


FDIV.32.100B:                 NAD(FDIV.32.150A),
                 FLOW X TO T,
                 SHIFT L EMIT(40),
                 FRC QUO BITS(5),
                 CLA INIT REM,
                 DIV CLK QB RS,
                 DIV LD R CLR S;

@106 10C00565799A728F080000000

ORG=#107;


                 NAD(FDIVN.32.100A),
                 BEN 8 XNAN,
                 BEN 9 NOT YNAN,
                 FLOW Y TO S,
                 WIRE OR ZERO;

@107 B02000C578A0000F080000000

ORG=#108;


                 NAD(FDIVN.32.150A),
                 BEN 8 XNAN,
                 BEN 9 NOT YNAN,
                 FLOW Y TO S,
                 WIRE OR ZERO;

@108 B02000C578A0000F080000000

ORG=#109;


                 NAD(FDIVN.32.150A),
                 BEN 8 XNAN,
                 BEN 9 NOT YNAN,
                 FLOW Y TO S,
                 WIRE OR ZERO;

@109 B02000C578A0000F080000000

ORG=#10A;


FDIVR.32.150A:                 NAD(FDIVR.32.200A),
                 DIV CLK QB Q RS,
                 EXMX EXL,
                 EYMX EYR,
                 EALU X-Y,
                 SIGN Y OP,
                 EXR;

@10a 10C808C979880004682000000

ORG=#10B;


ORG=#0C6;


ORG=#10C;


FDIV.32.200A:                NAD(ca),
                BEN 9 CNTR EQ 0,
                DIV CLK QB Q RS;

@10b 100858CD7988000F080000000

ORG=#10D;


                NAD(ca+1),
                DIV CLK QB Q RS,
                FRC QUO BITS(0);

@10d 10C870CD7998700F080000000

ORG=#10E;


                NAD(FDIV.32.EXCP.PAD),
                FPA DONE NEXT,
                EXMX EXR,
                EYMX EMIT(126),
                EALU X+Y,
                EXR,
                SIGN X OP,
                SET FRC FLAG LO LAT,
                DIV Q OUT CLR D;

@10e 14C00049782007EE580000000

ORG=#10F;


FDIV.32.LAST.BETA:               NAD(ca+1),
               ENABLE EXCEPTIONS,
               DIV Q OUT CLR D,
               EXMX EXR,
               EYMX ZERO,
               EALU HW,
               SIGN X OP,
               EYR,
               INPUT LAT,
               ALLOW HW SET IX;

@10f 10C8804D4C80000F700000000

ORG=#110;


FDIV.32.1600:               NAD(ca+1),
               DIV Q OUT CLR D,
               FPA DATA VALID;

@110 12C8884D7880000F080000000

ORG=#111;


               NAD(DECODE),
               DIV Q OUT CLR D,
               EXMX EXR,
               EYMX ZERO,
               EALU HW,
               SIGN X OP,
               EYR,
               INPUT LAT;

@111 10C0004D5880000F700000000

ORG=#112;


ORG=#0CC;


ORG=#113;


FDIVR.32.100A:                        NAD(#200),
                 BEN 8 XN0,
                 BEN 9 NOT YN0;

@112 90F000CD7880000F080000000

ORG=#114;


FDIVR.32.100B:   NAD(FDIVR.32.150A),
                       FLOW Y TO T,
                 SHIFT L EMIT(40),
                 FRC QUO BITS(5),
                 CLA INIT REM,
                 DIV CLK QB RS,
                 DIV LD R CLR S,
                 EXMX EXL,
                 EYMX EYL,
                 EALU X+Y,
                 SIGN Y OP,
                 EYR;

@114 10C8556D799A7287582000000

ORG=#115;


                 NAD(FDIVRN.32.150A),
                 BEN 8 XNAN,
                 BEN 9 NOT YNAN,
                 FLOW Y TO S,
                 WIRE OR ZERO;

@115 B02000C578A0000F080000000

ORG=#116;


                 NAD(FDIVRN.32.150A),
                 BEN 8 XNAN,
                 BEN 9 NOT YNAN,
                 FLOW Y TO S,
                 WIRE OR ZERO;

@116 B02000C578A0000F080000000

ORG=#117;


                 NAD(FDIVRN.32.150A),
                 BEN 8 XNAN,
                 BEN 9 NOT YNAN,
                 FLOW Y TO S,
                 WIRE OR ZERO;

@117 B02000C578A0000F080000000

ORG=#118;


ORG=#0D0;


ORG=#119;


FDIV.64.100A:                NAD(FDIVZ.32.150A),
                BEN 8 XN0,
                BEN 9 NOT YN0;

@118 90E000CD7880000F080000000

ORG=#11A;


FDIV.64.100B:               NAD(FDIV.64.150A),
               FLOW X TO T,
               SHIFT L EMIT(10),
               FRC QUO BITS(5),
               CLA INIT REM,
               DIV CLK QB RS,
               DIV LD R CLR S;

@11a 10C8ED65799A70AF080000000

ORG=#11B;


               NAD(FDIVN.32.150A),
               BEN 8 XNAN,
               BEN 9 NOT YNAN,
               FLOW Y TO S,
               WIRE OR ZERO;

@11b B02000C578A0000F080000000

ORG=#11C;


               NAD(FDIVN.32.150A),
               BEN 8 XNAN,
               BEN 9 NOT YNAN,
               FLOW Y TO S,
               WIRE OR ZERO;

@11c B02000C578A0000F080000000

ORG=#11D;


FDIV.64.150A:                 NAD(FDIVR.64.200A),
               DIV CLK QB Q RS,
               EXMX EYL,
               EYMX EYR,
               EALU X-Y,
               SIGN Y OP,
               EXR;

@11d 10C818C979880000682000000

ORG=#11E;


ORG=#0D6;


ORG=#11F;


FDIV.64.200A:               NAD(ca),
               BEN 9 CNTR EQ 0,
               DIV CLK QB Q RS;

@11e 1008F0CD7988000F080000000

ORG=#120;


               NAD(ca+1),
               DIV CLK QB Q RS,
               FRC QUO BITS(0);

@120 10C908CD7998700F080000000

ORG=#121;


               NAD(FDIV.4.EXCP.PAD),
               EXMX EXR,
               EYMX EMIT(1022),
               EALU X+Y,
               EXR,
               SIGN X OP,
               EYR,
               INPUT LAT,
               ALLOW HW SET IX;

@121 10C000C95C803FEE580000000

ORG=#122;


               NAD(ca+1),
               EALU ZERO,
               MALU ZERO,
               ZERO RALU CNTRLS,
               PACK EXT FRAC,
               OVERRIDE RALU,
               SIGN Y OP,
               INPUT LAT;

@122 10C9188D5D90340B482000000

ORG=#123;


               NAD(CVT.SE.200D.1),
               SHIFT L PRIO ENCODE,
               FLOW SEL XC,
               EYL,
               MALU PASS Y,
               EXMX EXR;

@123 10C005CDFB80000E480000000

ORG=#124;


ORG=#0DC;


ORG=#125;


FDIVR.64.100A:               NAD(FDIVRZ.32.150A),
               BEN 8 XN0,
               BEN 9 NOT YN0;

@124 90E000CD7880000F080000000

ORG=#126;


FDIVR.64.100B:               NAD(FDIVR.64.150A),
               FLOW Y TO T,
               SHIFT L EMIT(10),
               FRC QUO BITS(5),
               CLA INIT REM,
               DIV CLK QB RS,
               DIV LD R CLR S,
               EXMX EXL,
               EYMX EYR,
               EALU X+Y,
               SIGN Y OP,
               EYR;

@126 10C0056D799A70A4582000000

ORG=#127;


               NAD(FDIVRN.32.150A),
               BEN 8 XNAN,
               BEN 9 NOT YNAN,
               FLOW Y TO S,
               WIRE OR ZERO;

@127 B02000C578A0000F080000000

ORG=#128;


               NAD(FDIVRN.32.150A),
               BEN 8 XNAN,
               BEN 9 NOT YNAN,
               FLOW Y TO S,
               WIRE OR ZERO;

@128 B02000C578A0000F080000000

ORG=#129;


ORG=#0E0;


ORG=#12A;


MUL.64.100A:               NAD(MUL.64.150A),
               LD RALU CNTL X;

@129 10C960ED7890B00F080000000

ORG=#12B;


MUL.64.100B:               NAD(MUL.64.125B),
               MUL OE;

@12b 10C9F8CD78A0400F080000000

ORG=#12C;


ERROR:ERROR: LD INTERRUPT MASK Not found in macros
MUL.64.150A:              NAD(ca+1),
              LD INTERRUPT MASK(#1E);

@12c 10C968CD7880000F080000000

ORG=#12D;


              NAD(ca+1);

@12d 10C970CD7880000F080000000

ORG=#12E;


              NAD(ca+1),
              FPA DATA VALID,
              PROD OE;

@12e 12C978CD78A0200F080000000

ORG=#12F;


              NAD(ca+1);

@12f 10C980CD7880000F080000000

ORG=#130;


              NAD(MUL.64.125B),
              MALU ZERO,
              ENABLE EXCEPTIONS,
              INPUT LAT;

@130 10C9F8CD4880040F080000000

ORG=#131;


MUL.64.LAST:              NAD(DECODE),
              OVERRIDE RALU,
              MALU ZERO,
              INPUT LAT;

@131 10C0008D5880040F080000000

ORG=#132;


ORG=#0E8;


ORG=#133;


DIV.64.100A:               NAD(DIV.64.100C),
              FLOW Y TO S,
              SHIFT ZERO,
              ZERO RALU CNTRLS,
              MALU Y-X;

@132 10C006C57890340F080000000

ORG=#134;


DIV.64.100B:              NAD(DIV.64.150A),
              BEN 9 NOT FY0 3C,
              FLOW Y TO T,
              SHIFT L PRIO ENCODE,
              EXMX ZERO,
              EYMX PRIO ENCODE,
              EALU X+Y,
              EXR,
              DIV LD D CLR Q,
              DIV CLK D,
              DIV OE;

@134 F069D479F9A78009180000000

ORG=#135;


DIV.64.150C:              NAD(ca+1),
              FLOW Y TO S,
              SHIFT ZERO,
              MALU Y-X,
              ZERO RALU CNTRLS,
              OVERRIDE RALU,
              INPUT LAT;

@135 10C9B6855890340F080000000

ORG=#136;


              NAD(DIV.64.100B),
              LD MICROFLAGS(1),
              FLOW SEL XC,
              LAT Y,
              FLOW Y TO T,
              SHIFT L PRIO ENCODE;

@136 10C9A0DDFB90A00B480000000

ORG=#137;


ORG=#0EC;


ORG=#138;


DIVIDE.BYZERO:              NAD(SEND.MSG),
              EYMX EMIT(INTEGER.DIV0),
              EALU PASS Y,
              EXR;

@137 10C5B8C97880000A180000000

ORG=#139;


              NAD(DIV.64.800C);

@139 10C000CD7880000F080000000

ORG=#13A;


ORG=#0EE;


ORG=#13B;


DIV.64.150A:                NAD(DIVIDE.BYZERO),
              BEN 9 NOT INT DIV 0 TRAP,
              SET INTEGER DZ;

@13a 1049B8CD7A87000F080000000

ORG=#13C;


DIV.64.150B:              NAD(DIV.64.175B),
              FLOW X TO T,
              SHIFT L PRIO ENCODE,
              EXMX EXR,
              EYMX PRIO ENCODE,
              CLEAR R,
              EALU X-Y;

@13c 10CA0855F880000D280000000

ORG=#13D;


DIV.64.200A:              NAD(DIV.64.250C),
              FLOW X TO S,
              SHIFT ZERO,
              ZERO RALU CNTRLS,
              MALU Y-X;

@13d 10CA16CD7890340F080000000

ORG=#13E;


DIV.64.200B:              NAD(DIV.64.250B),
              FLOW X TO T,
              SHIFT L PRIO ENCODE,
              EXMX EXR,
              EYMX PRIO ENCODE,
              EALU X-Y,
              EXR,
              FRC QUO BITS(5),
              DIV LD R CLR S,
              DIV CLK QB RS;

@13e 10C00561F99A700D280000000

ORG=#13F;


MUL.64.125B:              NAD(MUL.64.LAST),
              FPA DATA VALID,
              OVERRIDE RALU,
              MALU ZERO;

@13f 12C9888D7880040F080000000

ORG=#140;


REM LAST:              NAD(DECODE),
              MALU ZERO,
              OVERRIDE RALU;

@140 10C0008D7880040F080000000

ORG=#141;


DIV.64.175B:              NAD(DIV.64.200A),
              BEN 9 NOT FRACY 00,
              FLOW X TO T,
              SHIFT L PRIO ENCODE,
              EXMX EXR,
              EYMX PRIO ENCODE,
              CLEAR R,
              EALU X-Y;

@141 10C9E855F880000D280000000

ORG=#142;


DIV.64.250C:              NAD(DIV.64.300C),
              BEN 9 NOT FLAG 2,
              FLOW X TO S,
              SHIFT ZERO,
              MALU Y-X,
              OVERRIDE RALU,
              ZERO RALU CNTRLS,
              INPUT LAT;

@142 902A1E8D5890340F080000000

ORG=#143;


ORG=#0F6;


ORG=#144;


DIV.64.300C:              NAD(DIV.64.200B),
              LD MICROFLAGS(2),
              FLOW SEL CX,
              LAT X,
              FLOW X TO T,
              SHIFT L PRIO ENCODE;

@143 10C9F0E5FB90A007C80000000

ORG=#145;


              NAD(DIV.64.200B),
              LD MICROFLAGS(2),
              FLOW SEL CX,
              LAT X,
              FLOW X TO T,
              SHIFT L PRIO ENCODE;

@145 10C9F0E5FB90A007C80000000

ORG=#146;


ORG=#0F8;


ORG=#147;


              NAD(DIV.64.300A),
              BEN 8 EXR 00,
              EXMX EXR,
              EALU PASS X,
              DIV CLK QB Q RS;

@146 B0AA40CD7988000F100000000

ORG=#148;


DIV.64.300A:              NAD(DIV.64.350A),
              BEN 9 NOT EXR 15,
              EXMX EXR,
              EALU PASS X,
              DIV CLK QB Q RS;

@148 10AA60CD7988000F100000000

ORG=#149;


DIV.64.350E:             NAD(REM.64.800C),
             BEN 9 EALU EQ 0,
             EYMX EYR,
             EALU X+Y,
             EXMX ZERO,
             LD RALU CNTL X;

@149 900000ED7890B008180000000

ORG=#14A;


ORG=#0FB;


ORG=#14B;


             NAD(DIV.64.350E),
             DIV LD D CLR Q,
             EXMX ZERO,
             EYMX EYR,
             EALU X+Y;

@14a 10CA4C7D78800008180000000

ORG=#14C;


DIV.64.350A:             NAD(DIV.64.400A),
             LD RALU CNTL ZERO,
             FLOW X TO T,
             SHIFT L PRIO ENCODE,
             MALU PASS Y;

@14c 10C005C5F890B00F080000000

ORG=#14D;


             NAD(DIV.64.PRELP);

@14d 10CA70CD7880000F080000000

ORG=#14E;


DIV.64.PRELP:            NAD(DIV.64.LOOP),
            BEN 9 CNTR EQ 0,
            EXMX ZERO,
            EYMX EYR,
            EALU X+Y;

@14e 100AD0CD78800008180000000

ORG=#14F;


ORG=#0FF;


ORG=#150;


TRAP2.50:            NAD(TRAP2.100.A),
            BEN 7 ALUOP 2,
            BEN 8 ALUOP 3,
            BEN 9 NOT ALUOP 4,
            SHIFT R EXP DIFF,
            MALU Y+X,
            EXMX ADD,
            EALU PASS X,
            SIGN ADD,
            RD STATUS;

@14f F00A8FCC78900003100000000

ORG=#151;


ORG=#100;


ORG=#152;


TRAP2.100.A:            NAD(WRITE.STATUS.100),
            FLOW SEL CX,
            LAT X,
            FLOW X TO T,
            SHIFT PASS,
            MALU PASS Y,
            LD BOTH PREC REG 2(2);

@151 10C52DE57B700007C80000000

ORG=#153;


TRAP.100.B:            NAD(ca),
            RD STATUS;

@153 10CA98CD7890000F080000000

ORG=#154;


FMUL.32.800:            NAD(FMUL.32.850),
            SHIFT PASS,
            FLOW X TO S,
            MALU ZERO,
            EXMX EXR,
            EYMX ZERO,
            EALU HW,
            SIGN X OP;

@154 10C7D8CD7880040F700000000

ORG=#155;


FMUL.80.850B.1:           NAD(UNDERFL.TRAP),
           MALU ZERO,
           EXMX EXR,
           EYMX ZERO,
           EALU HW,
           SIGN Y OP;

@155 10C000CD7880040F702000000

ORG=#156;


TRAP2.100.B:           NAD(FCMP.32.50),
           SHIFT R EXP DIFF,
           MALU Y+X,
           EXMX ADD,
           EALU PASS X,
           SIGN ADD,
           SET FSUB LAT,
           EXR;

@156 10C1E7C078800003100000000

ORG=#157;


           NAD(CVT.DE.2000.Z),
           FLOW Y TO T,
           SHIFT L EMIT(11),
           SET FRC FLAG LO LAT B,
           PACK EXT FRAC,
           MALU PASS Y;

@157 10C005CD7D2000BF080000000

ORG=#158;


TRAP2.100.G:           NAD(DECODE),
           BEN 9 MEM OP,
           ALLOW FIRST DECODE,
           RF RD SEL HW,
           FLOW SEL XY,
           LAT X,
           LAT Y,
           EXL,
           EYL,
           FLOW X TO S,
           SHIFT R EXP DIFF,
           LD AND INCR RF CNTRS;

@158 60E000CC7BF00000180000000

ORG=#159;


TRAP2.100.H:           NAD(DECODE),
           BEN 9 MEM OP,
           FRC FIRST DECODE,
           RF RD SEL HW,
           FLOW SEL XY,
           LAT X,
           LAT Y,
           EXL,
           EYL,
           FLOW X TO S,
           SHIFT R EXP DIFF,
           LD AND INCR RF CNTRS;

@159 71E000CC7BF00000180000000

ORG=#15A;


ORG=#108;


ORG=#15B;


DIV.64.LOOP:          NAD(ca),
          BEN 9 CNTR EQ 0,
          DIV CLK QB Q RS,
          EXMX ZERO,
          EYMX EYR,
          EALU X+Y,
          LD RALU CNTL X;

@15a 100AD0ED7998B008180000000

ORG=#15C;


          NAD(REM.64.400C),
          BEN 9 EALU EQ 0,
          EXMX ZERO,
          EYMX EYR,
          EALU X+Y,
          LD RALU CNTL X;

@15c 900AE8ED7890B008180000000

ORG=#15D;


REM.64.400C:         NAD(REM.64.450C),
         BEN 9 NOT MUL OR DIV 99,
         FLOW Y TO T,
         SHIFT L PRIO ENCODE,
         EXMX ZERO,
         EYMX PRIO ENCODE,
         EALU X+Y;

@15d 708AF8CDF8800009180000000

ORG=#15E;


DIV.64.400C:         NAD(DIV.64.450D),
         DIV CLK QB Q RS,
         FRC QUO BITS(1);

@15e 10C001CD7998700F080000000

ORG=#15F;


REM.64.450C:         NAD(REM.64.500C),
         FLOW Y TO T,
         SHIFT L PRIO ENCODE,
         MALU PASS Y,
         OVERRIDE RALU,
         EXMX ZERO,
         EYMX PRIO ENCODE,
         EXR,
         EALU X+Y;

@15f 10CB0D89F8800009180000000

ORG=#160;


         NAD(REM.64.500M),
         MALU ZERO,
         FLOW Y TO T,
         SHIFT L PRIO ENCODE,
         MALU PASS Y,
         OVERRIDE RALU,
         EXMX ZERO,
         EYMX PRIO ENCODE,
         EXR,
         EALU X+Y,
         INPUT LAT;

@160 10CB1089D8800409180000000

ORG=#161;


REM.64.500C:         NAD(ca+1),
         FLOW Y TO T,
         SHIFT L PRIO ENCODE,
         MALU PASS Y,
         OVERRIDE RALU,
         INPUT LAT;

@161 10CB158DD880000F080000000

ORG=#162;


REM.64.500M:         NAD(REM.64.550C),
         FLOW SEL CX,
         LAT X,
         FLOW X TO T;

@162 10CB18C57B800007C80000000

ORG=#163;


REM.64.550C:         NAD(ca+1),
         EXMX EXR,
         EYMX ZERO,
         EALU X+Y,
         FLOW X TO T,
         SHIFT R EALU;

@163 10CB20C4F880000F100000000

ORG=#164;


         NAD(REM.64.600D),
         CLEAR R,
         FRC QUO BITS(0),
         DIV CLK QB,
         MALU ZERO,
         OVERRIDE RALU;

@164 10CB281D799E740F080000000

ORG=#165;


REM.64.600D:         NAD(REM.64.550D),
         CLEAR R,
         FRC QUO BITS(0),
         DIV CLK QB,
         MALU ZERO,
         OVERRIDE RALU;

@165 10CB381D799E740F080000000

ORG=#166;


         NAD(ca+1),
         CLEAR R,
         FRC QUO BITS(4),
         DIV CLK QB,
         OVERRIDE RALU;

@166 10CB3C1D799E700F080000000

ORG=#167;


REM.64.550D:         NAD(REM.LAST),
         FPA DATA VALID,
         MALU ZERO,
         OVERRIDE RALU;

@167 12C0008D7880040F080000000

ORG=#168;


Symbol: DECODE ..0
Symbol: FADD.32.50 ..4
Symbol: FADD.64.50 ..4
Symbol: FADD.80.50 ..6
Symbol: FADD.80.50E ..8
Symbol: FSUB.32.50 ..9
Symbol: FSUB.64.50 ..9
Symbol: FSUB.80.50 ..12
Symbol: FSUBR.32.50 ..15
Symbol: FSUBR.64.50 ..15
Symbol: FREM.64.50 ..18
Symbol: FREM.64.50.2 ..20
Symbol: FMUL.32.50 ..21
Symbol: FMUL.64.50 ..24
Symbol: FMUL.80.50 ..27
Symbol: FDIV.32.50 ..30
Symbol: FDIV.64.50 ..33
Symbol: FDIV.80.100 ..36
Symbol: FDIVR.32.50 ..39
Symbol: FDIVR.64.50 ..42
Symbol: FDIVRZ.32.500A ..45
Symbol: FDIVRZ.32.510B ..47
Symbol: FREM.32.50 ..48
Symbol: FSQR.32.50 ..51
Symbol: FINP.32.50 ..54
Symbol: CVT.IS.155C ..57
Symbol: CVT.ID.155C ..59
Symbol: FCMP.32.50 ..60
Symbol: FCMP.BR.32.50 ..60
Symbol: FCMP.64.50 ..60
Symbol: FCMP.BR.64.50 ..60
Symbol: FCMPX.32.50 ..63
Symbol: FCMPX.BR.32.50 ..63
Symbol: FCMPX.64.50 ..63
Symbol: FCMPX.64.BR.50 ..63
Symbol: FCMP.80 ..66
Symbol: FCMP.BR.80 ..66
Symbol: FDIVRZ.32.515A ..68
Symbol: CVT.SD.50 ..70
Symbol: CVT.SE.50 ..73
Symbol: CVT.DS.50 ..76
Symbol: CVT.DE.50 ..79
Symbol: CVT.ES.50 ..82
Symbol: CVT.ED.50 ..85
Symbol: FRAC.OVFL.100A,1 ..88
Symbol: FRAC.OVFL.170.1 ..92
Symbol: FRAC.OVLF.170B.2 ..94
Symbol: CVT.IS.50 ..96
Symbol: CVT.ID.50 ..99
Symbol: CVT.IE.50 ..102
Symbol: ASCII.SUB.160A ..104
Symbol: CVT.SI.50 ..105
Symbol: CVT.DI.50 ..108
Symbol: CVT.EI.50 ..111
Symbol: MUL.64.50 ..114
Symbol: DIV.64.50 ..117
Symbol: DIVR.64.50 ..120
Symbol: REM 64.50 ..123
Symbol: REMR.64.50 ..126
Symbol: MULS.128.50 ..129
Symbol: CVT.ED.200C.1 ..131
Symbol: MULU.128.50 ..132
Symbol: CVT.ES.200C.1 ..134
Symbol: FSQR.64.50 ..135
Symbol: FSQR.80.50 ..138
Symbol: FIND.FIRST.50 ..141
Symbol: ASCII.ADD.50 ..144
Symbol: ASCII.SUB.160B ..146
Symbol: ASCII.ADDC.50 ..147
Symbol: ASCII.SUB.160C ..149
Symbol: ASCII.SUB.50 ..150
Symbol: ASCII.SUB.180 ..152
Symbol: ASCII.SUBC.50 ..153
Symbol: ASCII.SUB.180A ..155
Symbol: CVT.AI.50 ..156
Symbol: ASCII.SUB.180B ..158
Symbol: CVT.IA.50 ..159
Symbol: ASCII.SUB.180C ..161
Symbol: FRAC.OVFL.170.2 ..162
Symbol: ASCII.SUB.100 ..164
Symbol: WRITE.STATUS.100 ..165
Symbol: WRITE.STATUS.150 ..167
Symbol: FCMPX.80.50 ..168
Symbol: FCMPX.BR.80.50 ..168
Symbol: CVT.DE.200D.3 ..170
Symbol: FINP.64.50 ..171
Symbol: FINP.80.50 ..174
Symbol: ASCII.SUB.150 ..177
Symbol: ASCII.SUB.160A ..180
Symbol: SEND.MSG ..183
Symbol: SEND.MSG.3 ..185
Symbol: SEND.MSG.4 ..186
Symbol: SEND.MSG.5 ..187
Symbol: FADD.32.125B ..188
Symbol: FADD.32.125D ..190
Symbol: FADD.32.175XNAN ..191
Symbol: TRAP1.50 ..192
Symbol: FADD.32.100A ..194
Symbol: FADD.32.100B ..196
Symbol: FADD.32.200C ..197
Symbol: FADD.32.100D ..198
Symbol: FADD.32.150A ..199
Symbol: FADD.32.150B ..201
Symbol: FADD.32.200A ..202
Symbol: FADD.32.200B ..204
Symbol: FADD.32.250B ..205
Symbol: FADD.32.300C ..208
Symbol: FADD.32.150C ..211
Symbol: FADD.32.250A ..215
Symbol: FADD.32.150D ..217
Symbol: FADD.32.200YNAN ..222
Symbol: DELIVER.Y.250A ..224
Symbol: DELIVER.Y.250B ..225
Symbol: FADD.32.200XNAN ..226
Symbol: DELIVER.Y.300B ..228
Symbol: FMUL.32.125 ..229
Symbol: FMUL.32.100A ..231
Symbol: FMUL.32.100B ..232
Symbol: FMUL.32.100C ..233
Symbol: FMUL.32.100D ..234
Symbol: FMUL.32.100A ..235
Symbol: ZERO.OUTSIGNX ..237
Symbol: FMUL.32.200B ..239
Symbol: FMUL.32.150B ..240
Symbol: FMUL.32.150C ..242
Symbol: FMUL.32.150D ..243
Symbol: FMUL.64.100A ..244
Symbol: FMUL.64.600 ..247
Symbol: FMUL.32.700 ..249
Symbol: FMUL.32.750 ..250
Symbol: FMUL.32.850 ..251
Symbol: FDIV.64.175A ..254
Symbol: FDIV.32.175A ..256
Symbol: FDIVR.32.200A ..257
Symbol: FDIVR.64.200A ..259
Symbol: FDIVR.32.100A ..260
Symbol: FDIV.32.100B ..262
Symbol: FDIVR.32.150A ..266
Symbol: FDIV.32.200A ..267
Symbol: FDIV.32.LAST.BETA ..271
Symbol: FDIV.32.1600 ..272
Symbol: FDIVR.32.100A ..274
Symbol: FDIVR.32.100B ..276
Symbol: FDIV.64.100A ..280
Symbol: FDIV.64.100B ..282
Symbol: FDIV.64.150A ..285
Symbol: FDIV.64.200A ..286
Symbol: FDIVR.64.100A ..292
Symbol: FDIVR.64.100B ..294
Symbol: MUL.64.100A ..297
Symbol: MUL.64.100B ..299
Symbol: MUL.64.150A ..300
Symbol: MUL.64.LAST ..305
Symbol: DIV.64.100A ..306
Symbol: DIV.64.100B ..308
Symbol: DIV.64.150C ..309
Symbol: DIVIDE.BYZERO ..311
Symbol: DIV.64.150A ..314
Symbol: DIV.64.150B ..316
Symbol: DIV.64.200A ..317
Symbol: DIV.64.200B ..318
Symbol: MUL.64.125B ..319
Symbol: REM LAST ..320
Symbol: DIV.64.175B ..321
Symbol: DIV.64.250C ..322
Symbol: DIV.64.300C ..323
Symbol: DIV.64.300A ..328
Symbol: DIV.64.350E ..329
Symbol: DIV.64.350A ..332
Symbol: DIV.64.PRELP ..334
Symbol: TRAP2.50 ..335
Symbol: TRAP2.100.A ..337
Symbol: TRAP.100.B ..339
Symbol: FMUL.32.800 ..340
Symbol: FMUL.80.850B.1 ..341
Symbol: TRAP2.100.B ..342
Symbol: TRAP2.100.G ..344
Symbol: TRAP2.100.H ..345
Symbol: DIV.64.LOOP ..346
Symbol: REM.64.400C ..349
Symbol: DIV.64.400C ..350
Symbol: REM.64.450C ..351
Symbol: REM.64.500C ..353
Symbol: REM.64.500M ..354
Symbol: REM.64.550C ..355
Symbol: REM.64.600D ..357
Symbol: REM.64.550D ..359
